[الزكاة] page 25, index size 1736
[الزكاة] page 50, index size 1975
[الزكاة] page 75, index size 2216
[الزكاة] done at page 80, index size 2263
[الحج] page 25, index size 2498
[الحج] page 50, index size 2740
[الحج] page 75, index size 2971
[الحج] done at page 80, index size 3013
[النكاح] page 25, index size 3240
[النكاح] page 50, index size 3476
[النكاح] done at page 63, index size 3596
[البيع] page 25, index size 3812
[البيع] page 50, index size 3961
[البيع] done at page 71, index size 4117
[الصيام] page 25, index size 4342
[الصيام] page 50, index size 4554
[الصيام] page 75, index size 4750
[الصيام] done at page 80, index size 4788
[الجنازة] done at page 17, index size 4939
[التوحيد] page 25, index size 5148
[التوحيد] page 50, index size 5361
[التوحيد] done at page 50, index size 5361
[القرآن] page 25, index size 5581
[القرآن] page 50, index size 5804
[القرآن] page 75, index size 6029
[القرآن] done at page 80, index size 6070
[الدعاء] page 25, index size 6290
[الدعاء] page 50, index size 6508
[الدعاء] page 75, index size 6702
[الدعاء] done at page 80, index size 6741
[الطهارة] page 25, index size 6936
[الطهارة] page 50, index size 7112
[الطهارة] done at page 52, index size 7122
